// Jest Snapshot v1, https://goo.gl/fbAQLP

exports[`Container renders correctly 1`] = `
<div
  id="container"
>
  <div
    className="card-wrapper"
  >
    <div
      className="card show"
    >
      <div
        id="Q"
      >
        Q
      </div>
      <div
        id="text"
      >
        Too many of us are not living our dreams because we are living our fears.
      </div>
      <span
        className="tooltiptext hide"
      >
        Copied!
      </span>
      <div
        id="subs"
      >
        <div
          id="icons"
        >
          <svg
            aria-hidden="true"
            className="svg-inline--fa fa-clipboard fa-w-12 "
            data-icon="clipboard"
            data-prefix="fas"
            id="copy-quote"
            onClick={[Function]}
            role="img"
            style={Object {}}
            viewBox="0 0 384 512"
            xmlns="http://www.w3.org/2000/svg"
          >
            <path
              d="M384 112v352c0 26.51-21.49 48-48 48H48c-26.51 0-48-21.49-48-48V112c0-26.51 21.49-48 48-48h80c0-35.29 28.71-64 64-64s64 28.71 64 64h80c26.51 0 48 21.49 48 48zM192 40c-13.255 0-24 10.745-24 24s10.745 24 24 24 24-10.745 24-24-10.745-24-24-24m96 114v-20a6 6 0 0 0-6-6H102a6 6 0 0 0-6 6v20a6 6 0 0 0 6 6h180a6 6 0 0 0 6-6z"
              fill="currentColor"
              style={Object {}}
            />
          </svg>
          <svg
            aria-hidden="true"
            className="svg-inline--fa fa-twitter-square fa-w-14 "
            data-icon="twitter-square"
            data-prefix="fab"
            id="tweet-quote"
            onClick={[Function]}
            role="img"
            style={Object {}}
            viewBox="0 0 448 512"
            xmlns="http://www.w3.org/2000/svg"
          >
            <path
              d="M400 32H48C21.5 32 0 53.5 0 80v352c0 26.5 21.5 48 48 48h352c26.5 0 48-21.5 48-48V80c0-26.5-21.5-48-48-48zm-48.9 158.8c.2 2.8.2 5.7.2 8.5 0 86.7-66 186.6-186.6 186.6-37.2 0-71.7-10.8-100.7-29.4 5.3.6 10.4.8 15.8.8 30.7 0 58.9-10.4 81.4-28-28.8-.6-53-19.5-61.3-45.5 10.1 1.5 19.2 1.5 29.6-1.2-30-6.1-52.5-32.5-52.5-64.4v-.8c8.7 4.9 18.9 7.9 29.6 8.3a65.447 65.447 0 0 1-29.2-54.6c0-12.2 3.2-23.4 8.9-33.1 32.3 39.8 80.8 65.8 135.2 68.6-9.3-44.5 24-80.6 64-80.6 18.9 0 35.9 7.9 47.9 20.7 14.8-2.8 29-8.3 41.6-15.8-4.9 15.2-15.2 28-28.8 36.1 13.2-1.4 26-5.1 37.8-10.2-8.9 13.1-20.1 24.7-32.9 34z"
              fill="currentColor"
              style={Object {}}
            />
          </svg>
        </div>
        <div
          id="author"
        >
          Les Brown
        </div>
      </div>
      <button
        disabled={false}
        id="new-quote"
        onClick={[Function]}
      >
        New  Quote
      </button>
    </div>
  </div>
</div>
`;
